
> vite_react_shadcn_ts@0.0.0 build
> vite build

[36mvite v5.4.19 [32mbuilding for production...[36m[39m
transforming...
node.exe : 
No C:\Program Files\nodejs\npm.ps1:29 caractere:3
+   & $NODE_EXE $NPM_CLI_JS $args
+   ~~~~~~~~~~~~~~~~~~~~~~~~~~~~~
    + CategoryInfo          : NotSpecified: (:String) [], RemoteException
    + FullyQualifiedErrorId : NativeCommandError
 
[1m[33mwarn[39m[22m - The class `[&>svg]:ease-[cubic-bezier(0.4,0,0.2,1)]` 
is ambiguous and matches multiple utilities.
[1m[33mwarn[39m[22m - If this is content and not a class, replace it with 
`&lsqb;&>svg&rsqb;:ease-[cubic-bezier(0.4,0,0.2,1)]` to silence this warning.

[1m[33mwarn[39m[22m - The class `ease-[cubic-bezier(0.4,0,0.2,1)]` is 
ambiguous and matches multiple utilities.
[1m[33mwarn[39m[22m - If this is content and not a class, replace it with 
`ease-&lsqb;cubic-bezier(0.4,0,0.2,1)&rsqb;` to silence this warning.
[32mÔ£ô[39m 4437 modules transformed.
rendering chunks...
computing gzip size...
[2mdist/[22m[32mregisterSW.js                                        [39m[1m[2m    0.13 kB[22m[1m[22m
[2mdist/[22m[32mmanifest.webmanifest                                 [39m[1m[2m    1.00 kB[22m[1m[22m
[2mdist/[22m[32mindex.html                                           [39m[1m[2m    5.37 kB[22m[1m[22m[2m Ôöé gzip:   1.88 kB[22m
[2mdist/[22m[32massets/poppins-latin-ext-700-normal-cby-RkWa.woff2   [39m[1m[2m    5.43 kB[22m[1m[22m
[2mdist/[22m[32massets/poppins-latin-ext-500-normal-CK-6C4Hw.woff2   [39m[1m[2m    5.48 kB[22m[1m[22m
[2mdist/[22m[32massets/poppins-latin-ext-300-normal-Cirz0Guu.woff2   [39m[1m[2m    5.52 kB[22m[1m[22m
[2mdist/[22m[32massets/poppins-latin-ext-600-normal-CAhIAdZj.woff2   [39m[1m[2m    5.52 kB[22m[1m[22m
[2mdist/[22m[32massets/poppins-latin-ext-400-normal-by3JarPu.woff2   [39m[1m[2m    5.64 kB[22m[1m[22m
[2mdist/[22m[32massets/poppins-latin-ext-700-normal-DctTR6Tg.woff    [39m[1m[2m    7.33 kB[22m[1m[22m
[2mdist/[22m[32massets/poppins-latin-ext-500-normal-CgAe2rWW.woff    [39m[1m[2m    7.37 kB[22m[1m[22m
[2mdist/[22m[32massets/poppins-latin-ext-300-normal-nf6F73WS.woff    [39m[1m[2m    7.40 kB[22m[1m[22m
[2mdist/[22m[32massets/poppins-latin-ext-600-normal-Df5ffKXP.woff    [39m[1m[2m    7.43 kB[22m[1m[22m
[2mdist/[22m[32massets/poppins-latin-ext-400-normal-DaBSavcJ.woff    [39m[1m[2m    7.46 kB[22m[1m[22m
[2mdist/[22m[32massets/poppins-latin-500-normal-C8OXljZJ.woff2       [39m[1m[2m    7.75 kB[22m[1m[22m
[2mdist/[22m[32massets/poppins-latin-700-normal-Qrb0O0WB.woff2       [39m[1m[2m    7.82 kB[22m[1m[22m
[2mdist/[22m[32massets/poppins-latin-300-normal-Dku2WoCh.woff2       [39m[1m[2m    7.84 kB[22m[1m[22m
[2mdist/[22m[32massets/poppins-latin-400-normal-cpxAROuN.woff2       [39m[1m[2m    7.88 kB[22m[1m[22m
[2mdist/[22m[32massets/poppins-latin-600-normal-zEkxB9Mr.woff2       [39m[1m[2m    8.00 kB[22m[1m[22m
[2mdist/[22m[32massets/poppins-latin-500-normal-DGXqpDMm.woff        [39m[1m[2m   10.37 kB[22m[1m[22m
[2mdist/[22m[32massets/poppins-latin-700-normal-BVuQR_eA.woff        [39m[1m[2m   10.43 kB[22m[1m[22m
[2mdist/[22m[32massets/poppins-latin-300-normal-DCNuMXUj.woff        [39m[1m[2m   10.50 kB[22m[1m[22m
[2mdist/[22m[32massets/poppins-latin-400-normal-BOb3E3N0.woff        [39m[1m[2m   10.53 kB[22m[1m[22m
[2mdist/[22m[32massets/poppins-latin-600-normal-BJdTmd5m.woff        [39m[1m[2m   10.60 kB[22m[1m[22m
[2mdist/[22m[32massets/poppins-devanagari-500-normal-BIdkeU1p.woff2  [39m[1m[2m   39.08 kB[22m[1m[22m
[2mdist/[22m[32massets/poppins-devanagari-700-normal-O-jipLrW.woff2  [39m[1m[2m   39.25 kB[22m[1m[22m
[2mdist/[22m[32massets/poppins-devanagari-600-normal-STEjXBNN.woff2  [39m[1m[2m   39.29 kB[22m[1m[22m
[2mdist/[22m[32massets/poppins-devanagari-300-normal-D7nrgzLr.woff2  [39m[1m[2m   39.41 kB[22m[1m[22m
[2mdist/[22m[32massets/poppins-devanagari-400-normal-CJDn6rn8.woff2  [39m[1m[2m   39.66 kB[22m[1m[22m
[2mdist/[22m[32massets/poppins-devanagari-700-normal-fHs-vx92.woff   [39m[1m[2m   52.25 kB[22m[1m[22m
[2mdist/[22m[32massets/poppins-devanagari-500-normal-DMPDjHtT.woff   [39m[1m[2m   52.42 kB[22m[1m[22m
[2mdist/[22m[32massets/poppins-devanagari-600-normal-ClASKHrr.woff   [39m[1m[2m   52.56 kB[22m[1m[22m
[2mdist/[22m[32massets/poppins-devanagari-300-normal-5EpgE5P1.woff   [39m[1m[2m   52.91 kB[22m[1m[22m
[2mdist/[22m[32massets/poppins-devanagari-400-normal-CqVvlrh5.woff   [39m[1m[2m   52.98 kB[22m[1m[22m
[2mdist/[22m[32massets/footer-delivery-DBmoCsYB.jpg                  [39m[1m[2m1,012.20 kB[22m[1m[22m
[2mdist/[22m[32massets/logo-leva-e-traz-BDcTiwW-.png                 [39m[1m[2m1,388.80 kB[22m[1m[22m
[2mdist/[22m[32massets/hero-delivery-CE8yIZ2i.jpg                    [39m[1m[2m1,791.64 kB[22m[1m[22m
[2mdist/[22m[35massets/index-DBrw4-U1.css                            [39m[1m[2m  112.84 kB[22m[1m[22m[2m Ôöé gzip:  18.08 kB[22m
[2mdist/[22m[36massets/skeleton-DuSnsKEd.js                          [39m[1m[2m    0.21 kB[22m[1m[22m[2m Ôöé gzip:   0.17 kB[22m
[2mdist/[22m[36massets/PermissionGuard-CAmV0Kbr.js                   [39m[1m[2m    0.26 kB[22m[1m[22m[2m Ôöé gzip:   0.19 kB[22m
[2mdist/[22m[36massets/database-CxoUyCsc.js                          [39m[1m[2m    0.33 kB[22m[1m[22m[2m Ôöé gzip:   0.22 kB[22m
[2mdist/[22m[36massets/use-mobile-rrhGKL_f.js                        [39m[1m[2m    0.36 kB[22m[1m[22m[2m Ôöé gzip:   0.25 kB[22m
[2mdist/[22m[36massets/useClienteId-_v6xudHP.js                      [39m[1m[2m    0.41 kB[22m[1m[22m[2m Ôöé gzip:   0.29 kB[22m
[2mdist/[22m[36massets/useEntregadorId-BWYFJkXe.js                   [39m[1m[2m    0.42 kB[22m[1m[22m[2m Ôöé gzip:   0.30 kB[22m
[2mdist/[22m[36massets/AvatarWithFallback-D8Axeu-J.js                [39m[1m[2m    0.49 kB[22m[1m[22m[2m Ôöé gzip:   0.35 kB[22m
[2mdist/[22m[36massets/usePermissions-DhLwoAd4.js                    [39m[1m[2m    0.54 kB[22m[1m[22m[2m Ôöé gzip:   0.32 kB[22m
[2mdist/[22m[36massets/textarea-D0YnV1_4.js                          [39m[1m[2m    0.55 kB[22m[1m[22m[2m Ôöé gzip:   0.35 kB[22m
[2mdist/[22m[36massets/TipoOperacaoBadge-DjbfeTQH.js                 [39m[1m[2m    0.55 kB[22m[1m[22m[2m Ôöé gzip:   0.38 kB[22m
[2mdist/[22m[36massets/input-Bws-_Txq.js                             [39m[1m[2m    0.64 kB[22m[1m[22m[2m Ôöé gzip:   0.39 kB[22m
[2mdist/[22m[36massets/label-CBVjWXaq.js                             [39m[1m[2m    0.65 kB[22m[1m[22m[2m Ôöé gzip:   0.42 kB[22m
[2mdist/[22m[36massets/NotFound-Dk1qC9NO.js                          [39m[1m[2m    0.68 kB[22m[1m[22m[2m Ôöé gzip:   0.40 kB[22m
[2mdist/[22m[36massets/EmptyState-C70APPCw.js                        [39m[1m[2m    0.72 kB[22m[1m[22m[2m Ôöé gzip:   0.40 kB[22m
[2mdist/[22m[36massets/PhoneInput-GBSFBz2-.js                        [39m[1m[2m    0.72 kB[22m[1m[22m[2m Ôöé gzip:   0.43 kB[22m
[2mdist/[22m[36massets/CurrencyInput-_VFv5B9V.js                     [39m[1m[2m    0.74 kB[22m[1m[22m[2m Ôöé gzip:   0.48 kB[22m
[2mdist/[22m[36massets/ConfirmDialog-DTisUXpB.js                     [39m[1m[2m    0.75 kB[22m[1m[22m[2m Ôöé gzip:   0.43 kB[22m
[2mdist/[22m[36massets/separator-C_cvz9d-.js                         [39m[1m[2m    0.77 kB[22m[1m[22m[2m Ôöé gzip:   0.45 kB[22m
[2mdist/[22m[36massets/ExportDropdown-CS31rC1b.js                    [39m[1m[2m    0.81 kB[22m[1m[22m[2m Ôöé gzip:   0.42 kB[22m
[2mdist/[22m[36massets/SimuladorClientePage-C7q4tnSK.js              [39m[1m[2m    0.81 kB[22m[1m[22m[2m Ôöé gzip:   0.47 kB[22m
[2mdist/[22m[36massets/useEntregadores-DOqEykjn.js                   [39m[1m[2m    0.83 kB[22m[1m[22m[2m Ôöé gzip:   0.33 kB[22m
[2mdist/[22m[36massets/useUsers-DHfOyF8d.js                          [39m[1m[2m    0.92 kB[22m[1m[22m[2m Ôöé gzip:   0.41 kB[22m
[2mdist/[22m[36massets/SearchInput-DNvb1Js_.js                       [39m[1m[2m    0.96 kB[22m[1m[22m[2m Ôöé gzip:   0.57 kB[22m
[2mdist/[22m[36massets/alert-BwD0utWp.js                             [39m[1m[2m    0.97 kB[22m[1m[22m[2m Ôöé gzip:   0.49 kB[22m
[2mdist/[22m[36massets/useComissao-BWJomNkd.js                       [39m[1m[2m    1.06 kB[22m[1m[22m[2m Ôöé gzip:   0.45 kB[22m
[2mdist/[22m[36massets/card-DcgaVJFD.js                              [39m[1m[2m    1.07 kB[22m[1m[22m[2m Ôöé gzip:   0.41 kB[22m
[2mdist/[22m[36massets/SettingsStore-BMSZX2HN.js                     [39m[1m[2m    1.07 kB[22m[1m[22m[2m Ôöé gzip:   0.62 kB[22m
[2mdist/[22m[36massets/entregadores-DClIBhk6.js                      [39m[1m[2m    1.09 kB[22m[1m[22m[2m Ôöé gzip:   0.39 kB[22m
[2mdist/[22m[36massets/formatters-CKgl-hW6.js                        [39m[1m[2m    1.15 kB[22m[1m[22m[2m Ôöé gzip:   0.52 kB[22m
[2mdist/[22m[36massets/useClientes-DnGTnvCC.js                       [39m[1m[2m    1.24 kB[22m[1m[22m[2m Ôöé gzip:   0.48 kB[22m
[2mdist/[22m[36massets/tabs-UBEO-zWo.js                              [39m[1m[2m    1.30 kB[22m[1m[22m[2m Ôöé gzip:   0.52 kB[22m
[2mdist/[22m[36massets/DatePickerWithRange-XnPkDd7s.js               [39m[1m[2m    1.32 kB[22m[1m[22m[2m Ôöé gzip:   0.74 kB[22m
[2mdist/[22m[36massets/LogStore-CrecqfkI.js                          [39m[1m[2m    1.51 kB[22m[1m[22m[2m Ôöé gzip:   0.80 kB[22m
[2mdist/[22m[36massets/ProtectedAppShell-DyMTIX5r.js                 [39m[1m[2m    1.55 kB[22m[1m[22m[2m Ôöé gzip:   0.79 kB[22m
[2mdist/[22m[36massets/table-C4zyg2y_.js                             [39m[1m[2m    1.55 kB[22m[1m[22m[2m Ôöé gzip:   0.55 kB[22m
[2mdist/[22m[36massets/exportTable-DVmofVpL.js                       [39m[1m[2m    1.59 kB[22m[1m[22m[2m Ôöé gzip:   0.92 kB[22m
[2mdist/[22m[36massets/clientes-u-yGPg96.js                          [39m[1m[2m    1.61 kB[22m[1m[22m[2m Ôöé gzip:   0.57 kB[22m
[2mdist/[22m[36massets/MetricCard-H5YU7Og_.js                        [39m[1m[2m    1.70 kB[22m[1m[22m[2m Ôöé gzip:   0.70 kB[22m
[2mdist/[22m[36massets/mappers-COAXd5Q0.js                           [39m[1m[2m    1.79 kB[22m[1m[22m[2m Ôöé gzip:   0.60 kB[22m
[2mdist/[22m[36massets/AssignDriverDialog-DO5D77_O.js                [39m[1m[2m    1.83 kB[22m[1m[22m[2m Ôöé gzip:   0.93 kB[22m
[2mdist/[22m[36massets/faturas-D2gaUxp1.js                           [39m[1m[2m    1.99 kB[22m[1m[22m[2m Ôöé gzip:   0.59 kB[22m
[2mdist/[22m[36massets/formatDistanceToNow-C4mK_aL_.js               [39m[1m[2m    2.14 kB[22m[1m[22m[2m Ôöé gzip:   0.90 kB[22m
[2mdist/[22m[36massets/collapsible-hjHN9nQv.js                       [39m[1m[2m    2.22 kB[22m[1m[22m[2m Ôöé gzip:   0.99 kB[22m
[2mdist/[22m[36massets/dialog-BT3VTuoa.js                            [39m[1m[2m    2.25 kB[22m[1m[22m[2m Ôöé gzip:   0.88 kB[22m
[2mdist/[22m[36massets/switch-Ck5oUiZx.js                            [39m[1m[2m    2.54 kB[22m[1m[22m[2m Ôöé gzip:   1.27 kB[22m
[2mdist/[22m[36massets/PageContainer-Bs3KwUfk.js                     [39m[1m[2m    2.66 kB[22m[1m[22m[2m Ôöé gzip:   1.18 kB[22m
[2mdist/[22m[36massets/useSolicitacoes-CQFDcbx6.js                   [39m[1m[2m    2.74 kB[22m[1m[22m[2m Ôöé gzip:   0.89 kB[22m
[2mdist/[22m[36massets/EntregadorPerfilPage-4z88gLVo.js              [39m[1m[2m    2.74 kB[22m[1m[22m[2m Ôöé gzip:   1.12 kB[22m
[2mdist/[22m[36massets/ForgotPasswordPage-BSDTH9Fi.js                [39m[1m[2m    2.85 kB[22m[1m[22m[2m Ôöé gzip:   1.24 kB[22m
[2mdist/[22m[36massets/select-BlaD_Tb9.js                            [39m[1m[2m    3.06 kB[22m[1m[22m[2m Ôöé gzip:   1.11 kB[22m
[2mdist/[22m[36massets/useFaturas-DjJChpey.js                        [39m[1m[2m    3.07 kB[22m[1m[22m[2m Ôöé gzip:   1.08 kB[22m
[2mdist/[22m[36massets/CaixaDetailsModal-CtyC00UN.js                 [39m[1m[2m    3.16 kB[22m[1m[22m[2m Ôöé gzip:   1.07 kB[22m
[2mdist/[22m[36massets/StatusBadge-D1EEQiUo.js                       [39m[1m[2m    3.22 kB[22m[1m[22m[2m Ôöé gzip:   0.73 kB[22m
[2mdist/[22m[36massets/ClientePerfilPage-BMT-qSYo.js                 [39m[1m[2m    3.22 kB[22m[1m[22m[2m Ôöé gzip:   1.20 kB[22m
[2mdist/[22m[36massets/avatar-DZHXjClC.js                            [39m[1m[2m    3.29 kB[22m[1m[22m[2m Ôöé gzip:   1.51 kB[22m
[2mdist/[22m[36massets/EntregadorDashboard-BPkxUME8.js               [39m[1m[2m    3.54 kB[22m[1m[22m[2m Ôöé gzip:   1.59 kB[22m
[2mdist/[22m[36massets/dropdown-menu-DWl8xn6D.js                     [39m[1m[2m    3.55 kB[22m[1m[22m[2m Ôöé gzip:   0.97 kB[22m
[2mdist/[22m[36massets/solicitacoes-YDuDmE7_.js                      [39m[1m[2m    3.84 kB[22m[1m[22m[2m Ôöé gzip:   1.12 kB[22m
[2mdist/[22m[36massets/checkbox-8wzwlJLt.js                          [39m[1m[2m    3.96 kB[22m[1m[22m[2m Ôöé gzip:   1.75 kB[22m
[2mdist/[22m[36massets/radio-group-BH1K0Ut9.js                       [39m[1m[2m    4.08 kB[22m[1m[22m[2m Ôöé gzip:   1.84 kB[22m
[2mdist/[22m[36massets/EntregadorFinanceiroPage-D5YQdrOz.js          [39m[1m[2m    4.21 kB[22m[1m[22m[2m Ôöé gzip:   1.47 kB[22m
[2mdist/[22m[36massets/useFinanceiro-Di0aHKCn.js                     [39m[1m[2m    4.31 kB[22m[1m[22m[2m Ôöé gzip:   0.94 kB[22m
[2mdist/[22m[36massets/ClientLayout-Brm5Fx0a.js                      [39m[1m[2m    4.46 kB[22m[1m[22m[2m Ôöé gzip:   1.66 kB[22m
[2mdist/[22m[36massets/DriverLayout-BIKekqgp.js                      [39m[1m[2m    4.54 kB[22m[1m[22m[2m Ôöé gzip:   1.68 kB[22m
[2mdist/[22m[36massets/ClienteDashboard-Cp6oKhUF.js                  [39m[1m[2m    4.57 kB[22m[1m[22m[2m Ôöé gzip:   2.00 kB[22m
[2mdist/[22m[36massets/NotificationContext-C7gLs4vK.js               [39m[1m[2m    4.64 kB[22m[1m[22m[2m Ôöé gzip:   1.89 kB[22m
[2mdist/[22m[36massets/EntregadorCaixaPage-DkakuFxm.js               [39m[1m[2m    4.66 kB[22m[1m[22m[2m Ôöé gzip:   1.70 kB[22m
[2mdist/[22m[36massets/useConcluirComCaixa-BvJVXaJJ.js               [39m[1m[2m    4.75 kB[22m[1m[22m[2m Ôöé gzip:   1.87 kB[22m
[2mdist/[22m[36massets/ResetPasswordPage-Ddv8xB7H.js                 [39m[1m[2m    4.81 kB[22m[1m[22m[2m Ôöé gzip:   1.75 kB[22m
[2mdist/[22m[36massets/alert-dialog-zZlHvTsW.js                      [39m[1m[2m    4.81 kB[22m[1m[22m[2m Ôöé gzip:   1.76 kB[22m
[2mdist/[22m[36massets/NotificacoesPage-D6DaLmA1.js                  [39m[1m[2m    5.28 kB[22m[1m[22m[2m Ôöé gzip:   2.12 kB[22m
[2mdist/[22m[36massets/settings-BfmBgw2Y.js                          [39m[1m[2m    5.32 kB[22m[1m[22m[2m Ôöé gzip:   1.12 kB[22m
[2mdist/[22m[36massets/Dashboard-CBU4YbMB.js                         [39m[1m[2m    5.44 kB[22m[1m[22m[2m Ôöé gzip:   2.20 kB[22m
[2mdist/[22m[36massets/CaixaStore-BiytcSl-.js                        [39m[1m[2m    5.68 kB[22m[1m[22m[2m Ôöé gzip:   2.09 kB[22m
[2mdist/[22m[36massets/MinhasSolicitacoesPage-D8WZ0FUE.js            [39m[1m[2m    5.81 kB[22m[1m[22m[2m Ôöé gzip:   2.22 kB[22m
[2mdist/[22m[36massets/pt-BR-oADIeALC.js                             [39m[1m[2m    5.85 kB[22m[1m[22m[2m Ôöé gzip:   2.11 kB[22m
[2mdist/[22m[36massets/useSettings-IJzUkhA7.js                       [39m[1m[2m    5.87 kB[22m[1m[22m[2m Ôöé gzip:   1.70 kB[22m
[2mdist/[22m[36massets/EntregadorHistoricoPage-CzVDB06g.js           [39m[1m[2m    5.98 kB[22m[1m[22m[2m Ôöé gzip:   2.24 kB[22m
[2mdist/[22m[36massets/AdminLayout-Fu6GPE5U.js                       [39m[1m[2m    6.30 kB[22m[1m[22m[2m Ôöé gzip:   2.32 kB[22m
[2mdist/[22m[36massets/DataTable-C1g5uhOD.js                         [39m[1m[2m    6.68 kB[22m[1m[22m[2m Ôöé gzip:   2.11 kB[22m
[2mdist/[22m[36massets/en-US-b51mc3lz.js                             [39m[1m[2m    7.97 kB[22m[1m[22m[2m Ôöé gzip:   2.78 kB[22m
[2mdist/[22m[36massets/EntregadorCorridasPage-DBUNTQ9K.js            [39m[1m[2m    8.38 kB[22m[1m[22m[2m Ôöé gzip:   3.12 kB[22m
[2mdist/[22m[36massets/FaturasPage-CXSKfAqC.js                       [39m[1m[2m    9.08 kB[22m[1m[22m[2m Ôöé gzip:   3.26 kB[22m
[2mdist/[22m[36massets/EntregadorSolicitacoesPage-vTZFQCdy.js        [39m[1m[2m    9.89 kB[22m[1m[22m[2m Ôöé gzip:   3.73 kB[22m
[2mdist/[22m[36massets/SimuladorOperacoes-CAvwaWmR.js                [39m[1m[2m   10.12 kB[22m[1m[22m[2m Ôöé gzip:   3.20 kB[22m
[2mdist/[22m[36massets/ConciliacaoDialog-CZbPg1-1.js                 [39m[1m[2m   10.88 kB[22m[1m[22m[2m Ôöé gzip:   3.47 kB[22m
[2mdist/[22m[36massets/ClienteFinanceiroPage-B28IlJ19.js             [39m[1m[2m   11.78 kB[22m[1m[22m[2m Ôöé gzip:   3.73 kB[22m
[2mdist/[22m[36massets/LoginPage-BTaoxTpO.js                         [39m[1m[2m   12.43 kB[22m[1m[22m[2m Ôöé gzip:   3.95 kB[22m
[2mdist/[22m[36massets/scroll-area-BxpzqvIy.js                       [39m[1m[2m   12.56 kB[22m[1m[22m[2m Ôöé gzip:   3.96 kB[22m
[2mdist/[22m[36massets/AdminConciliacaoDialog-BOErhqkH.js            [39m[1m[2m   12.87 kB[22m[1m[22m[2m Ôöé gzip:   4.25 kB[22m
[2mdist/[22m[36massets/EntregasPage-CRrXiG-L.js                      [39m[1m[2m   13.25 kB[22m[1m[22m[2m Ôöé gzip:   3.99 kB[22m
[2mdist/[22m[36massets/LogsPage-Dls7_mlc.js                          [39m[1m[2m   14.36 kB[22m[1m[22m[2m Ôöé gzip:   5.15 kB[22m
[2mdist/[22m[36massets/ViewSolicitacaoDialog-gwI3mD1v.js             [39m[1m[2m   16.51 kB[22m[1m[22m[2m Ôöé gzip:   3.83 kB[22m
[2mdist/[22m[36massets/CaixasEntregadoresPage-Dc4G8pz9.js            [39m[1m[2m   19.00 kB[22m[1m[22m[2m Ôöé gzip:   4.87 kB[22m
[2mdist/[22m[36massets/EntregadoresPage-_jjzBicN.js                  [39m[1m[2m   20.97 kB[22m[1m[22m[2m Ôöé gzip:   5.96 kB[22m
[2mdist/[22m[36massets/SolicitacoesPage-CxAit1iU.js                  [39m[1m[2m   22.01 kB[22m[1m[22m[2m Ôöé gzip:   7.33 kB[22m
[2mdist/[22m[36massets/purify.es-Dqc4LzU4.js                         [39m[1m[2m   22.88 kB[22m[1m[22m[2m Ôöé gzip:   8.84 kB[22m
[2mdist/[22m[36massets/AppHeader-BBykGlKR.js                         [39m[1m[2m   23.81 kB[22m[1m[22m[2m Ôöé gzip:   6.51 kB[22m
[2mdist/[22m[36massets/RelatoriosPage-B4sqvecb.js                    [39m[1m[2m   27.22 kB[22m[1m[22m[2m Ôöé gzip:   7.06 kB[22m
[2mdist/[22m[36massets/FaturaDetailsModal-Wd81zyAR.js                [39m[1m[2m   30.02 kB[22m[1m[22m[2m Ôöé gzip:   7.63 kB[22m
[2mdist/[22m[36massets/jspdf.plugin.autotable-CyVc7Jkq.js            [39m[1m[2m   31.08 kB[22m[1m[22m[2m Ôöé gzip:   9.91 kB[22m
[2mdist/[22m[36massets/LaunchSolicitacaoDialog-DJ3YcPnT.js           [39m[1m[2m   32.18 kB[22m[1m[22m[2m Ôöé gzip:   7.67 kB[22m
[2mdist/[22m[36massets/FinanceiroPage-Bc9-FfeB.js                    [39m[1m[2m   38.30 kB[22m[1m[22m[2m Ôöé gzip:   9.72 kB[22m
[2mdist/[22m[36massets/ClientesPage-B3m07yuK.js                      [39m[1m[2m   40.26 kB[22m[1m[22m[2m Ôöé gzip:  10.52 kB[22m
[2mdist/[22m[36massets/query-efbbibnd.js                             [39m[1m[2m   41.30 kB[22m[1m[22m[2m Ôöé gzip:  12.47 kB[22m
[2mdist/[22m[36massets/icons-DgsU5_Ki.js                             [39m[1m[2m   47.98 kB[22m[1m[22m[2m Ôöé gzip:   8.68 kB[22m
[2mdist/[22m[36massets/popover-BjMxVdDW.js                           [39m[1m[2m   48.31 kB[22m[1m[22m[2m Ôöé gzip:  14.29 kB[22m
[2mdist/[22m[36massets/schemas-BkiURvyO.js                           [39m[1m[2m   58.62 kB[22m[1m[22m[2m Ôöé gzip:  16.00 kB[22m
[2mdist/[22m[36massets/ui-DaZCaib3.js                                [39m[1m[2m  114.84 kB[22m[1m[22m[2m Ôöé gzip:  36.64 kB[22m
[2mdist/[22m[36massets/SettingsPage-dxfYphI2.js                      [39m[1m[2m  125.89 kB[22m[1m[22m[2m Ôöé gzip:  26.90 kB[22m
[2mdist/[22m[36massets/index.es-BxnQN7HU.js                          [39m[1m[2m  150.98 kB[22m[1m[22m[2m Ôöé gzip:  51.72 kB[22m
[2mdist/[22m[36massets/vendor-LpVTnb6D.js                            [39m[1m[2m  164.59 kB[22m[1m[22m[2m Ôöé gzip:  53.69 kB[22m
[2mdist/[22m[36massets/html2canvas.esm-CBrSDip1.js                   [39m[1m[2m  201.42 kB[22m[1m[22m[2m Ôöé gzip:  48.03 kB[22m
[2mdist/[22m[36massets/jspdf.es.min-BiFp5Vf3.js                      [39m[1m[2m  416.15 kB[22m[1m[22m[2m Ôöé gzip: 136.45 kB[22m
[2mdist/[22m[36massets/charts-K9U-72Bl.js                            [39m[1m[2m  433.95 kB[22m[1m[22m[2m Ôöé gzip: 114.67 kB[22m
[2mdist/[22m[36massets/index-ruhQhft8.js                             [39m[1m[2m  462.58 kB[22m[1m[22m[2m Ôöé gzip: 135.75 kB[22m
[32mÔ£ô built in 46.16s[39m

PWA v1.2.0
mode      generateSW
precache  160 entries (8316.02 KiB)
files generated
  dist/sw.js
  dist/workbox-bdf72c71.js
